// Jest Snapshot v1, https://goo.gl/fbAQLP

exports[`should render Expense page correctly 1`] = `
<div>
  <h3>
    Edit Expense
  </h3>
  <ExpenseForm
    expense={
      Object {
        "amount": 195,
        "createdAt": 0,
        "description": "Gum",
        "id": "1",
        "note": "TESTING",
      }
    }
    onSubmit={[Function]}
  />
  <button
    onClick={[Function]}
  >
    Remove
  </button>
</div>
`;
