// Jest Snapshot v1, https://goo.gl/fbAQLP

exports[`should render Expense list item 1`] = `
<div>
  <Link
    to="/edit/1"
  >
    <h3>
      Gum
    </h3>
  </Link>
  <p>
    195
     - 
    1/1/1970, 1:00:00 AM
  </p>
</div>
`;
