// Jest Snapshot v1, https://goo.gl/fbAQLP

exports[`should render Logout component correctly 1`] = `
<div>
  <button>
    Logout
  </button>
</div>
`;
